org/apache/logging/log4j/jul/
META-INF/maven/org.apache.logging.log4j/log4j-jul/
org/apache/logging/log4j/jul/CoreLogger.class
org/apache/logging/log4j/jul/LevelTranslator.class
org/apache/logging/log4j/jul/LogManager.class
org/apache/logging/log4j/jul/DefaultLevelConverter$JulLevelComparator.class
META-INF/maven/org.apache.logging.log4j/log4j-jul/pom.properties
org/apache/logging/log4j/jul/CoreLoggerAdapter.class
META-INF/maven/org.apache.logging.log4j/log4j-jul/pom.xml
org/apache/logging/log4j/jul/AbstractLoggerAdapter.class
org/apache/logging/log4j/jul/DefaultLevelConverter.class
org/apache/logging/log4j/jul/ApiLogger$1.class
org/apache/logging/log4j/jul/LevelConverter.class
org/apache/logging/log4j/jul/ApiLogger.class
org/apache/logging/log4j/jul/WrappedLogger.class
org/apache/logging/log4j/jul/ApiLoggerAdapter.class
org/apache/logging/log4j/jul/Constants.class
