org.nuxeo:nuxeo-platform-lang-ext:10.10:jar::
org.nuxeo:nuxeo-platform-lang-ext-incomplete:10.10:jar::
org.nuxeo.ecm.core:nuxeo-opencmis-bindings:10.10:jar::
org.nuxeo.ecm.core:nuxeo-opencmis-impl:10.10:jar::
org.nuxeo.ecm.core:nuxeo-opencmis-tests:10.10:jar::test
org.nuxeo.ecm.platform:nuxeo-business-days-management-api:10.10:jar::
org.nuxeo.ecm.platform:nuxeo-business-days-management-core:10.10:jar::
org.nuxeo.shibboleth.invitation:nuxeo-shibboleth-invitation:10.10:jar::
org.nuxeo.shell:nuxeo-shell:10.10:pom::
org.nuxeo.shell:nuxeo-shell:10.10:jar::
org.nuxeo.shell:nuxeo-shell-automation:10.10:jar::
org.nuxeo.shell:nuxeo-shell-core:10.10:jar::
org.nuxeo.shell:nuxeo-shell-equinox:10.10:jar::
org.nuxeo.ecm.platform:nuxeo-platform-user-registration-core:10.10:jar::
org.nuxeo.ecm.platform:nuxeo-platform-user-registration-web:10.10:jar::
org.nuxeo.ecm.platform:nuxeo-webdav:10.10:jar::
org.nuxeo.ecm.platform:nuxeo-importer-core:10.10:jar::
org.nuxeo.ecm.platform:nuxeo-importer-jaxrs:10.10:jar::
org.nuxeo.ecm.platform:nuxeo-importer-scan:10.10:jar::
org.nuxeo.ecm.platform:nuxeo-importer-stream:10.10:jar::
org.nuxeo.ecm.routing:nuxeo-routing-api:10.10:jar::
org.nuxeo.ecm.routing:nuxeo-routing-core:10.10:jar::
org.nuxeo.ecm.routing:nuxeo-routing-core:10.10:jar:tests:test
org.nuxeo.ecm.routing:nuxeo-routing-web:10.10:jar::
org.nuxeo.ecm.routing:nuxeo-routing-dm:10.10:jar::
org.nuxeo.ecm.routing:nuxeo-routing-dashboard:10.10:jar::
org.nuxeo.ecm.routing:nuxeo-routing-default:10.10:jar::
org.nuxeo.ecm.routing:nuxeo-routing-default-jsf:10.10:jar::
org.nuxeo.ecm.routing:nuxeo-routing-test:10.10:jar::
org.nuxeo.ecm.routing:nuxeo-routing-rest-api:10.10:jar::
org.nuxeo.ecm.platform:nuxeo-platform-smart-search:10.10:jar::
org.nuxeo.ecm.platform:nuxeo-platform-audio-core:10.10:jar::
org.nuxeo.ecm.platform:nuxeo-platform-audio-jsf:10.10:jar::
org.nuxeo.ecm.platform:nuxeo-platform-video-api:10.10:jar::
org.nuxeo.ecm.platform:nuxeo-platform-video-core:10.10:jar::
org.nuxeo.ecm.platform:nuxeo-platform-video-convert:10.10:jar::
org.nuxeo.ecm.platform:nuxeo-platform-video-jsf:10.10:jar::
org.nuxeo.ecm.platform:nuxeo-apidoc-core:10.10:jar::
org.nuxeo.ecm.platform:nuxeo-apidoc-repo:10.10:jar::
org.nuxeo.ecm.platform:nuxeo-apidoc-webengine:10.10:jar::
org.nuxeo.activity:nuxeo-activity:10.10:jar::
org.nuxeo.ecm.platform:nuxeo-platform-suggestbox-core:10.10:jar::
org.nuxeo.ecm.platform:nuxeo-platform-suggestbox-jsf:10.10:jar::
org.nuxeo.dam:nuxeo-dam:10.10:jar::
org.nuxeo.dam:nuxeo-dam-jsf:10.10:pom::
org.nuxeo.dam:nuxeo-dam-web-ui:10.10:jar::
org.nuxeo.ecm.platform:nuxeo-quota-core:10.10:jar::
org.nuxeo.ecm.platform:nuxeo-quota-core-dependencies:10.10:pom::
org.nuxeo.ecm.platform:nuxeo-quota-web:10.10:jar::
org.nuxeo.ecm.platform:nuxeo-quota-automation:10.10:jar::
org.nuxeo.binary.metadata:nuxeo-binary-metadata:10.10:jar::
org.nuxeo.ecm.platform:nuxeo-platform-signature-api:10.10:jar::
org.nuxeo.ecm.platform:nuxeo-platform-signature-core:10.10:jar::
org.nuxeo.ecm.platform:nuxeo-platform-signature-web:10.10:jar::
org.nuxeo.ecm.platform:nuxeo-platform-signature-config:10.10:jar::
org.nuxeo.ecm.platform:nuxeo-platform-signature-core-dependencies:10.10:pom::
org.nuxeo.rating:nuxeo-rating-api:10.10:jar::
org.nuxeo.rating:nuxeo-rating-core:10.10:jar::
org.nuxeo.rating:nuxeo-rating-web:10.10:jar::
org.nuxeo.ecm.platform:nuxeo-agenda-core:10.10:jar::
org.nuxeo.ecm.platform:nuxeo-agenda-jsf:10.10:jar::
org.nuxeo.multi.tenant:nuxeo-multi-tenant-core:10.10:jar::
org.nuxeo.multi.tenant:nuxeo-multi-tenant-jsf:10.10:jar::
org.nuxeo.ecm.core:nuxeo-core-binarymanager-common:10.10:jar::
org.nuxeo.ecm.core:nuxeo-core-binarymanager-common:10.10:jar:tests:
org.nuxeo.ecm.core:nuxeo-core-binarymanager-s3:10.10:jar::
org.nuxeo.ecm.core:nuxeo-core-binarymanager-s3-web-ui:10.10:jar::
org.nuxeo.ecm.core:nuxeo-core-binarymanager-azure:10.10:jar::
org.nuxeo.ecm:nuxeo-diff-core:10.10:jar::
org.nuxeo.ecm:nuxeo-diff-jsf:10.10:jar::
org.nuxeo.ecm:nuxeo-diff-content:10.10:jar::
org.nuxeo.ecm:nuxeo-diff-pictures:10.10:jar::
org.nuxeo.ecm:nuxeo-diff-test:10.10:jar::
org.nuxeo.sample:nuxeo-sample-project:10.10:jar::
org.nuxeo.template.rendering:nuxeo-template-rendering-api:10.10:jar::
org.nuxeo.template.rendering:nuxeo-template-rendering-core:10.10:jar::
org.nuxeo.template.rendering:nuxeo-template-rendering-xdocreport:10.10:jar::
org.nuxeo.template.rendering:nuxeo-template-rendering-jxls:10.10:jar::
org.nuxeo.template.rendering:nuxeo-template-rendering-jaxrs:10.10:jar::
org.nuxeo.template.rendering:nuxeo-template-rendering-jaxrs-web-ui:10.10:jar::
org.nuxeo.template.rendering:nuxeo-template-rendering-jsf:10.10:jar::
org.nuxeo.template.rendering:nuxeo-template-rendering-samples:10.10:jar::
org.nuxeo.template.rendering:nuxeo-template-rendering-samples-jsf:10.10:jar::
org.nuxeo.template.rendering:nuxeo-template-rendering-deckjs:10.10:jar::
org.nuxeo.template.rendering:nuxeo-template-rendering-core-dependencies:10.10:pom::
org.nuxeo.template.rendering:nuxeo-template-rendering-jsf-dependencies:10.10:pom::
org.nuxeo.template.rendering:nuxeo-template-rendering-web-ui:10.10:jar::
org.nuxeo.ecm.csv:nuxeo-csv-core:10.10:jar::
org.nuxeo.ecm.csv:nuxeo-csv-jsf:10.10:jar::
org.nuxeo.ecm.csv:nuxeo-csv-web-ui:10.10:jar::
org.nuxeo.ecm.platform:nuxeo-tree-snapshot-core:10.10:jar::
org.nuxeo.ecm.platform:nuxeo-tree-snapshot-jsf:10.10:jar::
org.nuxeo.ecm.platform:nuxeo-groups-rights-audit:10.10:jar::
org.nuxeo.ecm:nuxeo-drive-core:10.10:jar::
org.nuxeo.ecm:nuxeo-drive-core-dependencies:10.10:pom::
org.nuxeo.ecm:nuxeo-drive-core:10.10:jar:tests:test
org.nuxeo.ecm:nuxeo-drive-elasticsearch:10.10:jar::
org.nuxeo.ecm:nuxeo-drive-rest-api:10.10:jar::
org.nuxeo.ecm:nuxeo-drive-jsf:10.10:jar::
org.nuxeo.ecm:nuxeo-drive-operations:10.10:jar::
org.nuxeo.ecm:nuxeo-drive-web-ui:10.10:jar::
org.nuxeo.ecm.platform.resources:nuxeo-resources-compat:10.10:jar::
org.nuxeo:nuxeo-dmk-adaptor:10.10:jar::
org.nuxeo.style:nuxeo-style-guide:10.10:jar::
org.nuxeo.runtime:nuxeo-javaagent-main:10.10:jar::
org.nuxeo.runtime:nuxeo-javaagent-bridge:10.10:jar::
org.nuxeo.runtime:nuxeo-session-inspector:10.10:jar::
org.nuxeo.ecm:nuxeo-easyshare-core:10.10:jar::
org.nuxeo.ecm:nuxeo-easyshare-jsf:10.10:jar::
org.nuxeo.ecm:nuxeo-easyshare-web-ui:10.10:jar::
org.nuxeo.io:nuxeo-fsexporter:10.10:jar::
org.nuxeo.duoweb.authentication:nuxeo-duoweb-authentication:10.10:jar::
org.nuxeo.logs.viewer:nuxeo-logs-viewer:10.10:jar::
org.nuxeo.ecm.platform:nuxeo-platform-spreadsheet-core:10.10:jar::
org.nuxeo.ecm.platform:nuxeo-platform-spreadsheet-jsf:10.10:jar::
org.nuxeo.ecm.platform:nuxeo-platform-spreadsheet-web:10.10:jar::
org.nuxeo.ecm.platform:nuxeo-platform-spreadsheet-web-ui:10.10:jar::
org.nuxeo:nuxeo-segmentio-connector:10.10:jar::
org.nuxeo.ecm.liveconnect:nuxeo-liveconnect-core:10.10:jar::
org.nuxeo.ecm.liveconnect:nuxeo-liveconnect-core-dependencies:10.10:pom::
org.nuxeo.ecm.liveconnect:nuxeo-liveconnect-jsf:10.10:jar::
org.nuxeo.ecm.liveconnect:nuxeo-liveconnect-jsf-dependencies:10.10:pom::
org.nuxeo.ecm.liveconnect:nuxeo-liveconnect-web-ui:10.10:jar::
org.nuxeo.ecm.liveconnect:nuxeo-liveconnect-google-drive-core:10.10:jar::
org.nuxeo.ecm.liveconnect:nuxeo-liveconnect-google-drive-core:10.10:jar:tests:
org.nuxeo.ecm.liveconnect:nuxeo-liveconnect-google-drive-jsf:10.10:jar::
org.nuxeo.ecm.liveconnect:nuxeo-liveconnect-google-drive-web-ui:10.10:jar::
org.nuxeo.ecm.liveconnect:nuxeo-liveconnect-dropbox-core:10.10:jar::
org.nuxeo.ecm.liveconnect:nuxeo-liveconnect-dropbox-jsf:10.10:jar::
org.nuxeo.ecm.liveconnect:nuxeo-liveconnect-dropbox-web-ui:10.10:jar::
org.nuxeo.ecm.liveconnect:nuxeo-liveconnect-box-core:10.10:jar::
org.nuxeo.ecm.liveconnect:nuxeo-liveconnect-box-jsf:10.10:jar::
org.nuxeo.ecm.liveconnect:nuxeo-liveconnect-box-web-ui:10.10:jar::
org.nuxeo.ecm.liveconnect:nuxeo-liveconnect-onedrive-core:10.10:jar::
org.nuxeo.ecm.liveconnect:nuxeo-liveconnect-onedrive-jsf:10.10:jar::
org.nuxeo.ecm.liveconnect:nuxeo-liveconnect-onedrive-web-ui:10.10:jar::
org.nuxeo.ecm.media.publishing:nuxeo-media-publishing-core:10.10:jar::
org.nuxeo.ecm.media.publishing:nuxeo-media-publishing-jsf:10.10:jar::
org.nuxeo.ecm.media.publishing:nuxeo-media-publishing-wistia-core:10.10:jar::
org.nuxeo.ecm.media.publishing:nuxeo-media-publishing-wistia-jsf:10.10:jar::
org.nuxeo.ecm.media.publishing:nuxeo-media-publishing-youtube-core:10.10:jar::
org.nuxeo.ecm.media.publishing:nuxeo-media-publishing-youtube-jsf:10.10:jar::
org.nuxeo.ecm.platform:nuxeo-platform-error-web:10.10:jar::
org.nuxeo.ecm.platform:nuxeo-platform-forms-layout-demo:10.10:jar::
org.nuxeo.datadog:nuxeo-datadog-reporter:10.10:jar::
org.nuxeo.ecm.review.workflows.dashboards:nuxeo-review-workflows-dashboards:10.10:jar::
org.nuxeo.ecm.platform:nuxeo-api-playground:10.10:jar::
org.nuxeo.ecm.platform:nuxeo-showcase-content-importer:10.10:jar::
org.nuxeo.connect.tools:nuxeo-connect-tools-report-client:10.10:jar::
org.nuxeo.connect.tools:nuxeo-connect-tools-report-management-api:10.10:jar::
org.nuxeo.connect.tools:nuxeo-connect-tools-report-core:10.10:jar::
org.nuxeo.connect.tools:nuxeo-connect-tools-report-core:10.10:jar:tests:
org.nuxeo.connect.tools:nuxeo-connect-tools-report-web:10.10:jar::
org.nuxeo.ecm.platform:nuxeo-platform-pdf-utils:10.10:jar::
org.nuxeo.ecm.platform:nuxeo-platform-3d-api:10.10:jar::
org.nuxeo.ecm.platform:nuxeo-platform-3d-core:10.10:jar::
org.nuxeo.ecm.platform:nuxeo-platform-3d-convert:10.10:jar::
org.nuxeo.ecm.platform:nuxeo-platform-3d-jsf:10.10:jar::
org.nuxeo.ecm.platform:nuxeo-platform-3d-web-ui:10.10:jar::
org.nuxeo.utils:nuxeo-target-platforms-api:10.10:jar::
org.nuxeo.utils:nuxeo-target-platforms-core:10.10:jar::
org.nuxeo.utils:nuxeo-target-platforms-core:10.10:jar:tests:test
org.nuxeo.utils:nuxeo-target-platforms-io:10.10:jar::
org.nuxeo.utils:nuxeo-target-platforms-jaxrs:10.10:jar::
org.nuxeo.utils:nuxeo-target-platforms-jsf:10.10:jar::
org.nuxeo.utils:nuxeo-target-platforms-sample:10.10:jar::
org.nuxeo.utils:nuxeo-target-platforms-compat:10.10:jar::
org.nuxeo.web.ui:nuxeo-web-ui:10.10:jar::
org.nuxeo.web.ui:nuxeo-web-ui-itests:10.10:jar::
org.nuxeo.web.ui:nuxeo-jsf-to-web-ui:10.10:jar::
org.nuxeo.ecm.platform:nuxeo-audit-storage-directory:10.10:jar::
org.nuxeo:nuxeo-adobe-connector-core:10.10:jar::
org.nuxeo.ecm:nuxeo-wopi:10.10:jar::
org.nuxeo.ecm:nuxeo-wopi-web-ui:10.10:jar::
com.github.olivergondza:maven-jdk-tools-wrapper:0.1:pom::
org.nuxeo:nuxeo-ecm:10.10:zip:tools:
org.nuxeo.common:nuxeo-common:10.10:jar::
org.nuxeo.runtime:nuxeo-launcher-commons:10.10:jar::
org.nuxeo.runtime:nuxeo-launcher-commons:10.10:jar:tests:test
org.nuxeo.runtime:nuxeo-runtime:10.10:jar::
org.nuxeo.runtime:nuxeo-runtime-datasource:10.10:jar::
org.nuxeo.runtime:nuxeo-runtime-server:10.10:jar::
org.nuxeo.runtime:nuxeo-runtime-deploy:10.10:jar::
org.nuxeo.runtime:nuxeo-runtime-jtajca:10.10:jar::
org.nuxeo.runtime:nuxeo-runtime-aws:10.10:jar::
org.nuxeo.runtime:nuxeo-runtime-redis:10.10:jar::
org.nuxeo.runtime:nuxeo-runtime-redis:10.10:jar:tests:test
org.nuxeo.runtime:nuxeo-runtime-mongodb:10.10:jar::
org.nuxeo.runtime:nuxeo-runtime-mongodb:10.10:jar:tests:test
org.nuxeo.runtime:nuxeo-runtime-kv:10.10:jar::
org.nuxeo.runtime:nuxeo-runtime-kv:10.10:jar:tests:test
org.nuxeo.runtime:nuxeo-runtime-pubsub:10.10:jar::
org.nuxeo.lib.runtime:nuxeo-runtime-launcher:10.10:jar::
org.nuxeo.runtime:nuxeo-connect-standalone:10.10:jar::
org.nuxeo.runtime:nuxeo-connect-standalone:10.10:jar:tests:test
org.nuxeo.runtime:nuxeo-runtime-metrics:10.10:jar::
org.nuxeo.runtime:nuxeo-runtime-management:10.10:jar::
org.nuxeo.runtime:nuxeo-runtime-osgi:10.10:jar::
org.nuxeo.runtime:nuxeo-runtime-osgi:10.10:jar:tests:test
org.nuxeo.runtime:nuxeo-runtime-reload:10.10:jar::
org.nuxeo.runtime:nuxeo-runtime-test:10.10:jar::test
org.nuxeo.lib.runtime:nuxeo-runtime-tomcat-adapter:10.10:jar::
org.nuxeo.runtime:nuxeo-runtime-stream:10.10:jar::
org.nuxeo.runtime:nuxeo-runtime-stream:10.10:jar:tests:test
org.nuxeo.lib.stream:nuxeo-stream:10.10:jar::
org.nuxeo.runtime:nuxeo-runtime-migration:10.10:jar::
org.nuxeo.runtime:nuxeo-runtime-migration:10.10:jar:tests:test
org.nuxeo.ecm.core:nuxeo-core:10.10:jar::
org.nuxeo.ecm.core:nuxeo-core:10.10:jar:tests:test
org.nuxeo.ecm.core:nuxeo-core-api:10.10:jar::
org.nuxeo.ecm.core:nuxeo-core-api:10.10:jar:tests:test
org.nuxeo.ecm.core:nuxeo-core-bulk:10.10:jar::
org.nuxeo.ecm.core:nuxeo-core-bulk:10.10:jar:tests:test
org.nuxeo.ecm.core:nuxeo-core-convert:10.10:jar::
org.nuxeo.ecm.core:nuxeo-core-convert-api:10.10:jar::
org.nuxeo.ecm.core:nuxeo-core-convert-plugins:10.10:jar::
org.nuxeo.ecm.core:nuxeo-core-event:10.10:jar::
org.nuxeo.ecm.core:nuxeo-core-event:10.10:jar:tests:test
org.nuxeo.ecm.core:nuxeo-core-io:10.10:jar::
org.nuxeo.ecm.core:nuxeo-core-io:10.10:jar:tests:test
org.nuxeo.ecm.core:nuxeo-core-management:10.10:jar::
org.nuxeo.ecm.core:nuxeo-core-management-jtajca:10.10:jar::
org.nuxeo.ecm.core:nuxeo-core-management-jtajca:10.10:jar:tests:test
org.nuxeo.ecm.core:nuxeo-core-management-test:10.10:jar::test
org.nuxeo.ecm.core:nuxeo-core-mimetype:10.10:jar::
org.nuxeo.ecm.core:nuxeo-core-persistence:10.10:jar::
org.nuxeo.ecm.core:nuxeo-core-query:10.10:jar::
org.nuxeo.ecm.core:nuxeo-core-schema:10.10:jar::
org.nuxeo.ecm.core:nuxeo-core-storage:10.10:jar::
org.nuxeo.ecm.core:nuxeo-core-storage:10.10:jar:tests:test
org.nuxeo.ecm.core:nuxeo-core-storage-dbs:10.10:jar::
org.nuxeo.ecm.core:nuxeo-core-storage-dbs:10.10:jar:tests:test
org.nuxeo.ecm.core:nuxeo-core-storage-mem:10.10:jar::
org.nuxeo.ecm.core:nuxeo-core-storage-mongodb:10.10:jar::
org.nuxeo.ecm.core:nuxeo-core-storage-sql:10.10:jar::
org.nuxeo.lib.core:nuxeo-core-storage-sql-extensions:10.10:jar::
org.nuxeo.ecm.core:nuxeo-core-storage-sql-management:10.10:jar::
org.nuxeo.ecm.core:nuxeo-core-storage-sql-test:10.10:jar::test
org.nuxeo.ecm.core:nuxeo-core-test:10.10:jar::test
org.nuxeo.ecm.core:nuxeo-core-test:10.10:jar:tests:test
org.nuxeo.ecm.core:nuxeo-core-mongodb:10.10:jar::
org.nuxeo.ecm.core:nuxeo-core-mongodb:10.10:jar:tests:test
org.nuxeo.ecm.core:nuxeo-core-redis:10.10:jar::
org.nuxeo.ecm.core:nuxeo-core-redis:10.10:jar:tests:test
org.nuxeo.ecm.core:nuxeo-core-cache:10.10:jar::
org.nuxeo.ecm.core:nuxeo-core-cache:10.10:jar:tests:test
org.nuxeo.ecm.core:nuxeo-core-el:10.10:jar::
org.nuxeo.ecm.platform:nuxeo-platform:10.10:jar::
org.nuxeo.ecm.platform:nuxeo-platform-actions-core:10.10:jar::
org.nuxeo.ecm.platform:nuxeo-platform-api:10.10:jar::
org.nuxeo.ecm.platform:nuxeo-platform-api-test:10.10:jar::test
org.nuxeo.ecm.platform:nuxeo-platform-commandline-executor:10.10:jar::
org.nuxeo.ecm.platform:nuxeo-platform-content-template-manager:10.10:jar::
org.nuxeo.ecm.platform:nuxeo-platform-convert:10.10:jar::
org.nuxeo.ecm.platform:nuxeo-platform-directory-api:10.10:jar::
org.nuxeo.ecm.platform:nuxeo-platform-directory-core:10.10:jar::
org.nuxeo.ecm.platform:nuxeo-platform-directory-ldap:10.10:jar::
org.nuxeo.ecm.platform:nuxeo-platform-directory-sql:10.10:jar::
org.nuxeo.ecm.platform:nuxeo-platform-directory-sql:10.10:jar:tests:test
org.nuxeo.ecm.platform:nuxeo-platform-directory-test:10.10:jar::test
org.nuxeo.ecm.platform:nuxeo-platform-directory-test:10.10:jar:tests:test
org.nuxeo.ecm.platform:nuxeo-platform-directory-multi:10.10:jar::
org.nuxeo.ecm.platform:nuxeo-platform-directory-mongodb:10.10:jar::
org.nuxeo.ecm.platform:nuxeo-platform-directory-types-contrib:10.10:jar::
org.nuxeo.ecm.platform:nuxeo-platform-dublincore:10.10:jar::
org.nuxeo.ecm.platform:nuxeo-platform-filemanager-api:10.10:jar::
org.nuxeo.ecm.platform:nuxeo-platform-filemanager-core:10.10:jar::
org.nuxeo.ecm.platform:nuxeo-platform-filemanager-core-listener:10.10:jar::
org.nuxeo.ecm.platform:nuxeo-platform-forms-layout-api:10.10:jar::
org.nuxeo.ecm.platform:nuxeo-platform-forms-layout-core:10.10:jar::
org.nuxeo.ecm.platform:nuxeo-platform-htmlsanitizer:10.10:jar::
org.nuxeo.ecm.platform:nuxeo-platform-login:10.10:jar::
org.nuxeo.ecm.platform:nuxeo-platform-login:10.10:jar:tests:test
org.nuxeo.ecm.platform:nuxeo-platform-login-default:10.10:jar::
org.nuxeo.ecm.platform:nuxeo-platform-login-cas2:10.10:jar::
org.nuxeo.ecm.platform:nuxeo-platform-login-cleartrust:10.10:jar::
org.nuxeo.ecm.platform:nuxeo-platform-login-deputy:10.10:jar::
org.nuxeo.ecm.platform:nuxeo-platform-login-digest:10.10:jar::
org.nuxeo.ecm.platform:nuxeo-platform-login-openid:10.10:jar::
org.nuxeo.ecm.platform:nuxeo-platform-login-mod_sso:10.10:jar::
org.nuxeo.ecm.platform:nuxeo-platform-login-ntlm:10.10:jar::
org.nuxeo.ecm.platform:nuxeo-platform-login-portal-sso:10.10:jar::
org.nuxeo.ecm.platform:nuxeo-platform-login-shibboleth:10.10:jar::
org.nuxeo.ecm.platform:nuxeo-platform-login-shibboleth-jsf:10.10:jar::
org.nuxeo.ecm.platform:nuxeo-platform-login-token:10.10:jar::
org.nuxeo.ecm.platform:nuxeo-platform-login-token:10.10:jar:tests:test
org.nuxeo.ecm.platform:nuxeo-platform-login-token-jsf:10.10:jar::
org.nuxeo.ecm.platform:nuxeo-platform-login-token-rest:10.10:jar::
org.nuxeo.ecm.platform:nuxeo-platform-login-jwt:10.10:jar::
org.nuxeo.ecm.platform:nuxeo-platform-login-kerberos:10.10:jar::
org.nuxeo.ecm.platform:nuxeo-platform-login-saml2:10.10:jar::
org.nuxeo.ecm.platform:nuxeo-usermapper:10.10:jar::
org.nuxeo.ecm.platform:nuxeo-usermapper:10.10:jar:tests:
org.nuxeo.ecm.platform:nuxeo-scim-server:10.10:jar::
org.nuxeo.ecm.platform:nuxeo-platform-management:10.10:jar::
org.nuxeo.ecm.platform:nuxeo-platform-oauth:10.10:jar::
org.nuxeo.ecm.platform:nuxeo-platform-oauth1:10.10:jar::
org.nuxeo.ecm.platform:nuxeo-platform-query-api:10.10:jar::
org.nuxeo.ecm.platform:nuxeo-platform-rendering:10.10:jar::
org.nuxeo.ecm.platform:nuxeo-platform-search-api:10.10:jar::
org.nuxeo.ecm.platform:nuxeo-platform-test:10.10:jar::test
org.nuxeo.ecm.platform:nuxeo-platform-types-api:10.10:jar::
org.nuxeo.ecm.platform:nuxeo-platform-types-core:10.10:jar::
org.nuxeo.ecm.platform:nuxeo-platform-uidgen-core:10.10:jar::
org.nuxeo.ecm.platform:nuxeo-platform-url-api:10.10:jar::
org.nuxeo.ecm.platform:nuxeo-platform-url-core:10.10:jar::
org.nuxeo.ecm.platform:nuxeo-platform-usermanager-api:10.10:jar::
org.nuxeo.ecm.platform:nuxeo-platform-usermanager-core:10.10:jar::
org.nuxeo.ecm.platform:nuxeo-platform-versioning-api:10.10:jar::
org.nuxeo.ecm.platform:nuxeo-platform-versioning-core:10.10:jar::
org.nuxeo.ecm.platform:nuxeo-platform-web-common:10.10:jar::
org.nuxeo.ecm.platform:nuxeo-platform-web-common:10.10:jar:tests:test
org.nuxeo.ecm.platform:nuxeo-invite:10.10:jar::
org.nuxeo.ecm.platform:nuxeo-permissions:10.10:jar::
org.nuxeo.ecm.platform:nuxeo-platform-collections-core:10.10:jar::
org.nuxeo.ecm.platform:nuxeo-platform-collections-core:10.10:jar:tests:test
org.nuxeo.theme:nuxeo-theme-styling:10.10:jar::
org.nuxeo.theme:nuxeo-theme-migration:10.10:jar::
org.nuxeo.ecm.platform:nuxeo-web-resources-api:10.10:jar::
org.nuxeo.ecm.platform:nuxeo-web-resources-core:10.10:jar::
org.nuxeo.ecm.platform:nuxeo-web-resources-wro:10.10:jar::
org.nuxeo.ecm.platform:nuxeo-web-resources-rest:10.10:jar::
org.nuxeo.ecm.platform:nuxeo-web-resources-jsf:10.10:jar::
javax.validation:validation-api:1.0.0.GA:jar::
org.nuxeo.ecm.platform:nuxeo-platform-contentview-jsf:10.10:jar::
org.nuxeo.ecm.platform:nuxeo-platform-actions-jsf:10.10:jar::
org.nuxeo.ecm.platform:nuxeo-platform-forms-layout-client:10.10:jar::
org.nuxeo.ecm.platform:nuxeo-platform-forms-layout-io:10.10:jar::
org.nuxeo.ecm.platform:nuxeo-platform-seam-debug:10.10:jar::
org.nuxeo.ecm.platform:nuxeo-platform-ui-web:10.10:jar::
org.nuxeo.ecm.platform:nuxeo-platform-ui-web:10.10:jar:tests:test
org.nuxeo.ecm.platform:nuxeo-platform-ui-select2:10.10:jar::
org.nuxeo.ecm.platform:nuxeo-platform-ui-web-test:10.10:jar::test
org.nuxeo.ecm.platform:nuxeo-platform-webapp-base:10.10:jar::
org.nuxeo.ecm.platform:nuxeo-platform-default-config:10.10:jar::
org.nuxeo.ecm.platform:nuxeo-platform-webapp:10.10:jar::
org.nuxeo.ecm.platform:nuxeo-platform-webapp-core:10.10:jar::
org.nuxeo.ecm.platform:nuxeo-platform-webapp-types:10.10:jar::
org.nuxeo.ecm.webengine:nuxeo-webengine-core:10.10:jar::
org.nuxeo.ecm.webengine:nuxeo-webengine-base:10.10:jar::
org.nuxeo.ecm.webengine:nuxeo-webengine-jaxrs:10.10:jar::
org.nuxeo.ecm.webengine:nuxeo-webengine-ui:10.10:jar::
org.nuxeo.ecm.webengine:nuxeo-webengine-invite:10.10:jar::
org.nuxeo.ecm.platform:nuxeo-admin-center-core:10.10:jar::
org.nuxeo.ecm.platform:nuxeo-admin-center-jsf:10.10:jar::
org.nuxeo.ecm.platform:nuxeo-admin-center-monitoring:10.10:jar::
org.nuxeo.ecm.platform:nuxeo-admin-center-oauth:10.10:jar::
org.nuxeo.ecm.platform:nuxeo-admin-center-analytics:10.10:jar::
org.nuxeo.ecm.platform:nuxeo-connect-client-wrapper:10.10:jar::
org.nuxeo.ecm.platform:nuxeo-connect-update:10.10:jar::
org.nuxeo.ecm.automation:nuxeo-automation-client:10.10:jar::
org.nuxeo.ecm.automation:nuxeo-automation-core:10.10:jar::
org.nuxeo.ecm.automation:nuxeo-automation-features:10.10:jar::
org.nuxeo.ecm.automation:nuxeo-automation-jsf:10.10:jar::
org.nuxeo.ecm.automation:nuxeo-automation-server:10.10:jar::
org.nuxeo.ecm.automation:nuxeo-automation-io:10.10:jar::
org.nuxeo.ecm.automation:nuxeo-automation-scripting:10.10:jar::
org.nuxeo.ecm.automation:nuxeo-automation-test:10.10:jar::test
org.nuxeo.ecm.automation:nuxeo-automation-test:10.10:jar:tests:test
org.nuxeo.ecm.platform:nuxeo-features-test:10.10:jar::test
org.nuxeo.ecm.annot:nuxeo-annot-api:10.10:jar::
org.nuxeo.ecm.annot:nuxeo-annot-core:10.10:jar::
org.nuxeo.ecm.annot:nuxeo-annot-contrib:10.10:jar::
org.nuxeo.ecm.annot:nuxeo-annot-http:10.10:jar::
org.nuxeo.ecm.annot:nuxeo-annot-repo:10.10:jar::
org.nuxeo.ecm.annot:nuxeo-annot-repo:10.10:jar:tests:test
org.nuxeo.ecm.annot:nuxeo-annot-gwt:10.10:jar::
org.nuxeo.ecm.platform:nuxeo-platform-audit-api:10.10:jar::
org.nuxeo.ecm.platform:nuxeo-platform-audit-client:10.10:jar::
org.nuxeo.ecm.platform:nuxeo-platform-audit-core:10.10:jar::
org.nuxeo.ecm.platform:nuxeo-platform-audit-core:10.10:jar:tests:test
org.nuxeo.ecm.platform:nuxeo-platform-audit-io:10.10:jar::
org.nuxeo.ecm.platform:nuxeo-platform-audit-mongodb:10.10:jar::
org.nuxeo.ecm.platform:nuxeo-platform-audit-mongodb:10.10:jar:tests:test
org.nuxeo.ecm.platform:nuxeo-platform-comment:10.10:jar::
org.nuxeo.ecm.platform:nuxeo-platform-comment-api:10.10:jar::
org.nuxeo.ecm.platform:nuxeo-platform-comment-core:10.10:jar::
org.nuxeo.ecm.platform:nuxeo-platform-comment-rest-api:10.10:jar::
org.nuxeo.ecm.platform:nuxeo-platform-comment-web:10.10:jar::
org.nuxeo.ecm.platform:nuxeo-platform-comment-workflow:10.10:jar::
org.nuxeo.ecm.platform:nuxeo-platform-csv-export:10.10:jar::
org.nuxeo.ecm.platform:nuxeo-platform-directory-web:10.10:jar::
org.nuxeo.ecm.platform:nuxeo-platform-forms-layout-io-plugins:10.10:jar::
org.nuxeo.ecm.platform:nuxeo-platform-forms-layout-export:10.10:jar::
org.nuxeo.ecm.platform:nuxeo-platform-imaging-api:10.10:jar::
org.nuxeo.ecm.platform:nuxeo-platform-imaging-convert:10.10:jar::
org.nuxeo.ecm.platform:nuxeo-platform-imaging-core:10.10:jar::
org.nuxeo.ecm.platform:nuxeo-platform-imaging-jsf:10.10:jar::
org.nuxeo.ecm.platform:nuxeo-platform-imaging-tiling:10.10:jar::
org.nuxeo.ecm.platform:nuxeo-platform-imaging-tiling-preview:10.10:jar::
org.nuxeo.ecm.platform:nuxeo-thumbnail:10.10:jar::
org.nuxeo.ecm.platform:nuxeo-platform-io-api:10.10:jar::
org.nuxeo.ecm.platform:nuxeo-platform-io-client:10.10:jar::
org.nuxeo.ecm.platform:nuxeo-platform-io-core:10.10:jar::
org.nuxeo.ecm.platform:nuxeo-platform-lang:10.10:jar::
org.nuxeo.ecm.localconf:nuxeo-localconf-simple:10.10:jar::
org.nuxeo.ecm.localconf:nuxeo-localconf-web:10.10:jar::
org.nuxeo.ecm.platform:nuxeo-platform-mail-core:10.10:jar::
org.nuxeo.ecm.platform:nuxeo-platform-mail-test:10.10:jar::test
org.nuxeo.ecm.platform:nuxeo-platform-mail-types:10.10:jar::
org.nuxeo.ecm.platform:nuxeo-platform-mail-jsf:10.10:jar::
org.nuxeo.ecm.platform:nuxeo-platform-mail-web-ui:10.10:jar::
org.nuxeo.ecm.platform:nuxeo-platform-notification-api:10.10:jar::
org.nuxeo.ecm.platform:nuxeo-platform-notification-core:10.10:jar::
org.nuxeo.ecm.platform:nuxeo-platform-notification-web:10.10:jar::
org.nuxeo.ecm.platform:nuxeo-preview-core:10.10:jar::
org.nuxeo.ecm.platform:nuxeo-preview-jsf:10.10:jar::
org.nuxeo.ecm.platform:nuxeo-platform-publisher-api:10.10:jar::
org.nuxeo.ecm.platform:nuxeo-platform-publisher-core:10.10:jar::
org.nuxeo.ecm.platform:nuxeo-platform-publisher-core-contrib:10.10:jar::
org.nuxeo.ecm.platform:nuxeo-platform-publisher-task:10.10:jar::
org.nuxeo.ecm.platform:nuxeo-platform-publisher-web:10.10:jar::
org.nuxeo.ecm.platform:nuxeo-platform-relations-api:10.10:jar::
org.nuxeo.ecm.platform:nuxeo-platform-relations-core:10.10:jar::
org.nuxeo.ecm.platform:nuxeo-platform-relations-core-listener:10.10:jar::
org.nuxeo.ecm.platform:nuxeo-platform-relations-default-config:10.10:jar::
org.nuxeo.ecm.platform:nuxeo-platform-relations-io:10.10:jar::
org.nuxeo.ecm.platform:nuxeo-platform-relations-jena-plugin:10.10:jar::
org.nuxeo.ecm.platform:nuxeo-platform-relations-web:10.10:jar::
org.nuxeo.ecm.platform:nuxeo-platform-tag-api:10.10:jar::
org.nuxeo.ecm.platform:nuxeo-platform-tag-core:10.10:jar::
org.nuxeo.ecm.platform:nuxeo-platform-tag-web:10.10:jar::
org.nuxeo.ecm.platform:nuxeo-platform-task-api:10.10:jar::
org.nuxeo.ecm.platform:nuxeo-platform-task-test:10.10:jar::
org.nuxeo.ecm.platform:nuxeo-platform-task-core:10.10:jar::
org.nuxeo.ecm.platform:nuxeo-platform-task-automation:10.10:jar::
org.nuxeo.ecm.platform:nuxeo-platform-task-web:10.10:jar::
org.nuxeo.ecm.platform:nuxeo-platform-userpreferences:10.10:jar::
org.nuxeo.ecm.platform:nuxeo-platform-userworkspace-api:10.10:jar::
org.nuxeo.ecm.platform:nuxeo-platform-userworkspace-core:10.10:jar::
org.nuxeo.ecm.platform:nuxeo-platform-userworkspace-types:10.10:jar::
org.nuxeo.ecm.platform:nuxeo-platform-userworkspace-web:10.10:jar::
org.nuxeo.ecm.platform:nuxeo-platform-virtualnavigation-core-contrib:10.10:jar::
org.nuxeo.ecm.platform:nuxeo-platform-virtualnavigation-web:10.10:jar::
org.nuxeo.elasticsearch:nuxeo-elasticsearch-core:10.10:jar::
org.nuxeo.elasticsearch:nuxeo-elasticsearch-core:10.10:jar:tests:test
org.nuxeo.elasticsearch:nuxeo-elasticsearch-web:10.10:jar::
org.nuxeo.elasticsearch:nuxeo-elasticsearch-seqgen:10.10:jar::
org.nuxeo.elasticsearch:nuxeo-elasticsearch-seqgen:10.10:jar:tests:test
org.nuxeo.elasticsearch:nuxeo-elasticsearch-audit:10.10:jar::
org.nuxeo.elasticsearch:nuxeo-elasticsearch-audit:10.10:jar:tests:test
org.nuxeo.elasticsearch:nuxeo-elasticsearch-http-read-only:10.10:jar::
org.nuxeo.elasticsearch:nuxeo-elasticsearch-automation:10.10:jar::
org.nuxeo.ecm.platform:nuxeo-rest-api-io:10.10:jar::
org.nuxeo.ecm.platform:nuxeo-rest-api-server:10.10:jar::
org.nuxeo.ecm.platform:nuxeo-rest-api-test:10.10:jar::
org.nuxeo.ecm.platform:nuxeo-search-ui:10.10:jar::
org.nuxeo.ecm.platform:nuxeo-search-core:10.10:jar::
org.nuxeo.ecm.platform:nuxeo-search-rest-api:10.10:jar::
org.nuxeo.ecm.platform:nuxeo-platform-rendition-api:10.10:jar::
org.nuxeo.ecm.platform:nuxeo-platform-rendition-web:10.10:jar::
org.nuxeo.ecm.platform:nuxeo-platform-rendition-core:10.10:jar::
org.nuxeo.ecm.platform:nuxeo-platform-rendition-core:10.10:jar:tests:test
org.nuxeo.ecm.platform:nuxeo-platform-rendition-publisher:10.10:jar::
org.nuxeo.ecm.platform:nuxeo-user-center:10.10:jar::
org.nuxeo.ecm.platform:nuxeo-user-dashboard:10.10:jar::
org.nuxeo.ecm.platform:nuxeo-user-dashboard-jsf:10.10:jar::
org.nuxeo.ecm.platform:nuxeo-user-notification:10.10:jar::
org.nuxeo.ecm.platform:nuxeo-user-oauth:10.10:jar::
org.nuxeo.ecm.platform:nuxeo-user-profile:10.10:jar::
org.nuxeo.ecm.platform:nuxeo-user-profile-jsf:10.10:jar::
org.nuxeo.build:nuxeo-distribution-tools:1.15:jar::
org.nuxeo.build:nuxeo-distribution-tools:1.15:jar:all:
org.nuxeo:nuxeo-ftest:1.8.7:zip::
org.nuxeo.connect:nuxeo-connect-client:1.7.5:jar::
org.nuxeo.connect:nuxeo-connect-client:1.7.5:jar:tests:
org.nuxeo.connect:nuxeo-connect-client:1.7.5:jar:with-equinox:
org.nuxeo.connect:nuxeo-connect-client:1.7.5:jar:standalone:
xml-apis:xml-apis:1.4.01:jar::
xom:xom:1.2.5:jar::
javax.xml.bind:jaxb-api:2.2.11:jar::
com.sun.xml.bind:jaxb-impl:2.3.0.1:jar::
com.sun.xml.bind:jaxb-core:2.3.0.1:jar::
javax.xml.stream:stax-api:1.0:jar::
org.jvnet.staxex:stax-ex:1.7.8:jar::
javax.annotation:jsr250-api:1.0:jar::
javax.ejb:ejb:3.0-RC8:jar::
com.sun.faces:jsf-api:2.2.6:jar::
com.sun.faces:jsf-impl:2.2.6-NX01:jar::
javax.mail:mail:1.4.5:jar::
javax.persistence:persistence-api:1.0.2:jar::
javax.servlet.jsp:jsp-api:2.2:jar::
javax.servlet:javax.servlet-api:4.0.1:jar::
javax.servlet:jstl:1.2:jar::
javax.transaction:jta:1.1:jar::
commons-collections:commons-collections:3.2.2:jar::
commons-fileupload:commons-fileupload:1.3.3:jar::
commons-io:commons-io:2.6:jar::
org.apache.commons:commons-lang3:3.8:jar::
org.apache.commons:commons-collections4:4.1:jar::
org.apache.commons:commons-text:1.4:jar::
commons-lang:commons-lang:2.6:jar::
commons-beanutils:commons-beanutils:1.9.3:jar::
commons-digester:commons-digester:2.1:jar::
commons-logging:commons-logging:1.2:jar::
commons-codec:commons-codec:1.11:jar::
org.apache.commons:commons-compress:1.18:jar::
commons-dbcp:commons-dbcp:1.4:jar::
commons-jexl:commons-jexl:1.1:jar::
commons-cli:commons-cli:1.4:jar::
commons-betwixt:commons-betwixt:0.8:jar::
org.apache.commons:commons-vfs2:2.2:jar::
org.apache.commons:commons-pool2:2.6.0:jar::
commons-httpclient:commons-httpclient:3.1:jar::
org.apache.httpcomponents:httpclient:4.5.6:jar::
org.apache.httpcomponents:httpclient-cache:4.5.6:jar::
org.apache.httpcomponents:fluent-hc:4.5.6:jar::
org.apache.httpcomponents:httpcore:4.4.10:jar::
org.apache.httpcomponents:httpmime:4.5.6:jar::
org.apache.httpcomponents:httpcore-nio:4.4.5:jar::
net.java.dev.jna:jna:4.5.2:jar::
net.java.dev.jna:jna-platform:4.5.2:jar::
org.elasticsearch:elasticsearch:6.5.3:jar::
org.elasticsearch.client:elasticsearch-rest-high-level-client:6.5.3:jar::
org.elasticsearch.client:elasticsearch-rest-client:6.5.3:jar::
org.elasticsearch.client:transport:6.5.3:jar::
org.elasticsearch.plugin:transport-netty4-client:6.5.3:jar::
org.codelibs.elasticsearch.module:analysis-common:6.5.3:jar::
org.apache.derby:derby:10.14.2.0:jar::
org.apache.lucene:lucene-core:7.5.0:jar::
org.apache.lucene:lucene-queryparser:7.5.0:jar::
org.apache.lucene:lucene-analyzers-common:7.5.0:jar::
org.apache.lucene:lucene-suggest:7.5.0:jar::
org.apache.lucene:lucene-join:7.5.0:jar::
org.apache.lucene:lucene-spatial:7.5.0:jar::
org.apache.lucene:lucene-codecs:7.5.0:jar::
org.apache.lucene:lucene-queries:7.5.0:jar::
org.apache.lucene:lucene-memory:7.5.0:jar::
org.apache.lucene:lucene-highlighter:7.5.0:jar::
org.apache.directory.shared:shared-asn1:0.9.7:jar::
org.apache.directory.shared:shared-ldap-constants:0.9.7:jar::
org.apache.poi:poi:3.17:jar::
org.apache.poi:poi-scratchpad:3.17:jar::
org.apache.poi:poi-ooxml:3.17:jar::
org.apache.poi:poi-ooxml-schemas:3.17:jar::
org.apache.xmlbeans:xmlbeans:3.0.1:jar::
org.apache.directory.shared:shared-ldap:0.9.7:jar::
org.apache.directory.server:apacheds-protocol-shared:1.5.1:jar::
org.apache.directory.server:apacheds-core:1.5.1:jar::
org.apache.directory.server:apacheds-core-shared:1.5.1:jar::
org.apache.directory.server:apacheds-bootstrap-partition:1.5.1:jar::
org.apache.avro:avro:1.8.2:jar::
org.tukaani:xz:1.8:jar::
xerces:xercesImpl:2.12.0:jar::
jmimemagic:jmimemagic:0.1.2:jar::
org.jboss.aop:jboss-aop:2.2.0.Final:jar:client:
org.jboss.jbossas:jboss-as-aspects:5.1.0.GA:jar:jboss-aspect-jdk50-client:
org.jboss.ejb3:jboss-ejb3-common:1.0.3:jar:client:
org.jboss.ejb3:jboss-ejb3-core:1.6.0:jar:client:
org.jboss.ejb3:jboss-ejb3-proxy-impl:1.0.9:jar:client:
org.jboss.ejb3:jboss-ejb3-proxy:1.0.1:jar:client:
org.jboss.ejb3:jboss-ejb3-security:1.0.2:jar:client:
org.jboss.logging:jboss-logging-log4j:2.1.0.GA:jar::
org.jboss.deployers:jboss-deployers-vfs-spi:2.0.7.GA:jar::
org.jboss:jboss-vfs:2.1.2.GA:jar::
org.jboss.javaee:jboss-ejb-api:3.0.0.GA:jar::
org.jboss.microcontainer:jboss-dependency:2.0.6.GA:jar::
org.jboss.deployers:jboss-deployers-spi:2.0.7.GA:jar::
org.jboss.deployers:jboss-deployers-structure-spi:2.0.7.GA:jar::
org.jboss.deployers:jboss-deployers-vfs:2.0.7.GA:jar::
org.jboss.microcontainer:jboss-kernel:2.0.6.GA:jar::
org.jboss.deployers:jboss-deployers-core-spi:2.0.7.GA:jar::
org.jboss.jbossas:jboss-as-j2se:5.1.0.GA:jar::
org.jboss.jbossas:jboss-as-system-jmx:5.1.0.GA:jar::
org.jboss.jbossas:jboss-as-server:5.1.0.GA:jar:sources:
org.jboss.jbossas:jboss-as-ejb3:5.1.0.GA:jar::
org.jbpm.jbpm3:jbpm-jpdl:3.3.1.GA:jar::
cglib:cglib-nodep:2.2.2:jar::
org.jboss.remoting:jboss-remoting:2.5.1:jar::
org.javassist:javassist:3.21.0-GA:jar::
org.jboss.seam:jboss-seam:2.3.1.Final.NX03:jar::
org.jboss.seam:jboss-seam-remoting:2.3.1.Final.NX02:jar::
org.jboss.seam:jboss-seam-ui:2.3.1.Final:jar::
org.jboss.seam:jboss-seam-mail:2.3.1.Final:jar::
org.jboss.seam:jboss-seam-pdf:2.3.1.Final:jar::
org.jboss.seam:jboss-seam-rss:2.3.1.Final:jar::
net.sourceforge.yarfraw:yarfraw:0.92:jar::
org.jboss.seam:jboss-seam-excel:2.3.1.Final:jar::
net.sourceforge.jexcelapi:jxl:2.6.12-NX1:jar::
org.jboss.seam:jboss-seam-debug:2.3.1.Final:jar::
org.jboss.el:jboss-el:1.0_02.CR6:jar::
jboss:jboss-serialization:1.0.3.GA:jar::
org.jboss.jbossas:jboss-as-system:5.1.0.GA:jar::
org.jboss.security:jbosssx:2.0.3.SP1:jar::
org.jboss.jbossas:jboss-as-server:5.1.0.GA:jar::
org.jboss.naming:jnp-client:5.0.3.GA:jar::
org.jboss.logging:jboss-logging-spi:2.1.0.GA:jar::
org.jboss:jboss-common-core:2.2.14.GA:jar::
org.jboss:jboss-as:5.1.0.GA:zip:light:
org.jboss.jbossas:jboss-as-varia:5.1.0.GA:jar:logging-monitor:
org.jboss.jbossas:jboss-as-client:5.1.0.GA:pom::
org.jboss.jbossas:jboss-as-connector:5.1.0.GA:jar::
org.hibernate:hibernate-core:3.3.2.GA:jar::
org.hibernate:hibernate-annotations:3.4.0.GA:jar::
org.hibernate:hibernate-entitymanager:3.4.0.GA:jar::
org.hibernate:hibernate-commons-annotations:3.1.0.GA:jar::
org.hibernate:hibernate-validator:3.1.0.GA:jar::
org.richfaces:richfaces:4.5.12.Final-NX1:jar::
net.sf.jodreports:jodreports:2.4.0:jar::
net.sf.jxls:jxls-core:1.0.6-NX01:jar::
net.sf.jxls:jxls-reader:1.0.6-NX01:jar::
fr.opensagres.xdocreport:fr.opensagres.xdocreport.converter:1.0.5:jar::
fr.opensagres.xdocreport:fr.opensagres.xdocreport.core:1.0.5:jar::
fr.opensagres.xdocreport:fr.opensagres.xdocreport.document:1.0.5:jar::
fr.opensagres.xdocreport:fr.opensagres.xdocreport.document.odt:1.0.5:jar::
fr.opensagres.xdocreport:fr.opensagres.xdocreport.document.ods:1.0.5:jar::
fr.opensagres.xdocreport:fr.opensagres.xdocreport.document.docx:1.0.5:jar::
fr.opensagres.xdocreport:fr.opensagres.xdocreport.template:1.0.5:jar::
fr.opensagres.xdocreport:fr.opensagres.xdocreport.template.freemarker:1.0.5:jar::
fr.opensagres.xdocreport:fr.opensagres.xdocreport.remoting.resources:1.0.5:jar::
com.h2database:h2:1.4.177-NX01:jar::provided
com.phloc:phloc-css:3.3.1:jar::
com.sun.xsom:xsom:20140925:jar::
com.sun.xml:relaxngDatatype:1.0:jar::
com.github.librepdf:openpdf:1.2.0:jar::
com.github.librepdf:pdf-rtf:1.1.0:jar::
com.github.librepdf:pdf-html:1.2.0:jar::
org.freemarker:freemarker:2.3.28:jar::
concurrent:concurrent:1.3.4:jar::
backport-util-concurrent:backport-util-concurrent:3.1:jar::
hsqldb:hsqldb:1.8.0.10:jar::
junit:junit:4.12:jar::provided
org.assertj:assertj-core:3.8.0:jar::test
com.tngtech.jgiven:jgiven-core:0.16.0:jar::test
com.tngtech.jgiven:jgiven-junit:0.16.0:jar::test
com.tngtech.java:junit-dataprovider:1.13.1:jar::
org.fusesource.jansi:jansi:1.17.1:jar::
org.hamcrest:hamcrest-core:1.3:jar::test
org.hamcrest:hamcrest-library:1.3:jar::test
org.hamcrest:hamcrest-all:1.3:jar::test
org.quartz-scheduler:quartz:2.3.0:jar::
com.novemberain:quartz-mongodb:2.0.0-NX2:jar::
org.apache.logging.log4j:log4j-api:2.11.1:jar::
org.apache.logging.log4j:log4j-core:2.11.1:jar::
org.apache.logging.log4j:log4j-1.2-api:2.11.1:jar::
org.apache.logging.log4j:log4j-jcl:2.11.1:jar::
org.apache.logging.log4j:log4j-slf4j-impl:2.11.1:jar::
net.sf.ehcache:ehcache-core:2.6.11:jar::
net.sf.json-lib:json-lib:2.4:jar:jdk15:
org.codehaus.jackson:jackson-core-asl:1.8.1:jar::
org.codehaus.jackson:jackson-mapper-asl:1.8.1:jar::
com.fasterxml.jackson.core:jackson-annotations:2.9.8:jar::
com.fasterxml.jackson.core:jackson-core:2.9.8:jar::
com.fasterxml.jackson.core:jackson-databind:2.9.8:jar::
com.fasterxml.jackson.dataformat:jackson-dataformat-cbor:2.9.8:jar::
com.fasterxml.jackson.dataformat:jackson-dataformat-properties:2.9.8:jar::
com.fasterxml.jackson.dataformat:jackson-dataformat-smile:2.9.8:jar::
com.fasterxml.jackson.dataformat:jackson-dataformat-yaml:2.9.8:jar::
com.fasterxml.jackson.dataformat:jackson-dataformat-xml:2.9.8:jar::
com.fasterxml.jackson.jaxrs:jackson-jaxrs-base:2.9.8:jar::
com.fasterxml.jackson.jaxrs:jackson-jaxrs-json-provider:2.9.8:jar::
net.sf.ezmorph:ezmorph:1.0.4:jar::
org.apache.commons:commons-csv:1.5:jar::
org.codehaus.plexus:plexus-utils:1.5.6:jar::
org.osgi:org.osgi.core:4.2.0:jar::
org.osgi:org.osgi.compendium:4.2.0:jar::
oro:oro:2.0.8:jar::
org.dom4j:dom4j:2.1.1:jar::
org.yaml:snakeyaml:1.21:jar::
bsh:bsh:2.0b1:jar::
org.apache.taglibs:taglibs-standard-impl:1.2.5:jar::
antlr:antlr:2.7.7:jar::
org.postgresql:postgresql:42.2.5:jar::
mysql:mysql-connector-java:8.0.13:jar::
org.mariadb.jdbc:mariadb-java-client:1.7.4:jar::
net.sourceforge.jtds:jtds:1.3.1:jar::
com.microsoft.sqlserver:mssql-jdbc:7.0.0.jre8:jar::provided
org.jmock:jmock:2.8.4:jar::
org.jmock:jmock-junit4:2.8.4:jar::
org.apache.pdfbox:pdfbox:1.8.16:jar::
org.apache.pdfbox:fontbox:1.8.16:jar::
org.apache.pdfbox:jempbox:1.8.16:jar::
org.bouncycastle:bcmail-jdk15on:1.60:jar::
org.bouncycastle:bcprov-jdk15on:1.60:jar::
org.bouncycastle:bcpkix-jdk15on:1.60:jar::
com.thoughtworks.xstream:xstream:1.4.10:jar::
xpp3:xpp3:1.1.4c:jar:clean:
org.codehaus.groovy:groovy-all:2.4.12:jar::
org.mvel:mvel2:2.4.2.Final:jar::
javax.script:groovy-engine:1.0:jar::
javax.script:jexl-engine:1.0:jar::
javax.script:js-engine:1.0:jar::
javax.script:bsh-engine:1.0:jar::
javax.resource:connector-api:1.5:jar::
com.sun.activation:javax.activation:1.2.0:jar::
imagej:imagej:1.4.1.e:jar::
javax.media:jai_core:1.1.2_01:jar::
com.sun.media:jai_codec:1.1.2_01:jar::
com.sun.media:mlib_jai:1.1.2_01:jar::
org.mock-server:mockserver-netty:3.10.4:jar::test
com.sun.jersey:jersey-core:1.19.4:jar::
com.sun.jersey:jersey-json:1.19.4:jar::
com.sun.jersey:jersey-client:1.19.4:jar::
com.sun.jersey:jersey-server:1.19.4:jar::
com.sun.jersey:jersey-servlet:1.19.4:jar::
com.sun.jersey.contribs:jersey-apache-client4:1.19.4:jar::
com.sun.jersey.contribs:jersey-multipart:1.19.4:jar::
org.codehaus.woodstox:woodstox-core-asl:4.2.0:jar::
org.jboss.ws:jbossws-spi:1.1.2.GA:jar::
org.apache.geronimo.components:geronimo-connector:2.2.1-NX1:jar::
org.tranql:tranql-connector:1.8:jar::
org.apache.geronimo.components:geronimo-transaction:2.2.1:jar::
org.apache.geronimo.specs:geronimo-jta_1.1_spec:1.1.1:jar::
org.apache.geronimo.specs:geronimo-j2ee-connector_1.5_spec:2.0.0:jar::
com.google.gwt:gwt-user:2.7.0-NX1:jar::provided
com.google.gwt:gwt-dev:2.7.0-NX1:jar::provided
com.google.gwt:gwt-servlet:2.7.0-NX1:jar::runtime
com.google.gwt:gwt-codeserver:2.7.0-NX1:jar::runtime
com.google.code.gson:gson:2.2.2:jar::
com.google.gwt.google-apis:gwt-gadgets:1.0.3:jar::compile
com.google.guava:guava:26.0-jre:jar::
com.allen-sauer.gwt.log:gwt-log:3.3.2:jar::provided
net.customware.gwt.presenter:gwt-presenter:1.0.0:jar::provided
net.customware.gwt.dispatch:gwt-dispatch:1.0.0:jar::compile
com.allen-sauer.gwt.dnd:gwt-dnd:3.3.3:jar::provided
com.google.gwt.inject:gin:1.5.0:jar::
com.google.inject.extensions:guice-servlet:3.0:jar::
com.google.inject.extensions:guice-assistedinject:3.0:jar::compile
gwt.habyt:gwt-habyt-upload:0.1:jar::compile
net.jcip:jcip-annotations:1.0:jar::
jline:jline:0.9.94:jar::
org.wikimodel:wem:2.0.2:jar::
org.nuxeo.build:nuxeo-apt-extensions:1.0:jar::compile
org.nuxeo.build:nuxeo-webengine-apt:1.2:jar::compile
cup:java-cup:0.11a:jar::
joda-time:joda-time:2.10:jar::
com.hp.hpl.jena:jena:2.6.4-NX:jar::
com.hp.hpl.jena:arq:2.8.8:jar::
com.hp.hpl.jena:iri:0.8:jar::
com.ibm.icu:icu4j:62.1:jar::
rome:rome:1.0:jar::
jdom:jdom:1.0:jar::
org.restlet.jse:org.restlet:2.4.1:jar::
org.restlet.jse:org.restlet.ext.fileupload:2.4.1:jar::
org.restlet.jse:org.restlet.ext.httpclient:2.4.1:jar::
org.restlet.jee:org.restlet.ext.servlet:2.4.1:jar::
jotm:jotm:2.0.10:jar::
org.apache.ant:ant:1.7.0:jar::
org.eclipse.jdt:core:3.1.1-NXP-4284:jar::
rhino:js:1.7R2:jar::
net.sourceforge.nekohtml:nekohtml:1.9.22:jar::
org.jsecurity:jsecurity:0.9.0:jar::
org.apache.shindig:shindig-gadgets:1.1-BETA5-incubating-nx2:jar::
com.google.code.guice:guice-internal:2.0:jar::runtime
org.apache.shindig:shindig-common:1.1-BETA5-incubating-nx2:jar::
org.apache.shindig:shindig-social-api:1.1-BETA5-incubating-nx2:jar::
org.apache.shindig:shindig-features:1.1-BETA5-incubating-nx2:jar::
com.google.inject:guice:3.0:jar::
com.google.inject.extensions:guice-jmx:3.0:jar::
com.googlecode.json-simple:json-simple:1.1:jar::
org.json:json:20070829:jar::
net.minidev:json-smart:1.1.1:jar::
net.logstash.log4j:jsonevent-layout:1.7:jar::
de.odysseus.juel:juel-impl:2.1.2-NX1:jar::
aopalliance:aopalliance:1.0:jar::
org.apache.sanselan:sanselan:0.97-incubator:jar::
com.gwtext:gwtext:2.0.5:jar::
org.seleniumhq.selenium:selenium-api:2.53.0:jar::
org.seleniumhq.selenium:selenium-java:2.53.0:jar::
org.seleniumhq.selenium:selenium-support:2.53.0:jar::
org.seleniumhq.selenium:selenium-firefox-driver:2.53.0:jar::
org.seleniumhq.selenium:selenium-ie-driver:2.53.0:jar::
org.seleniumhq.selenium:selenium-chrome-driver:2.53.0:jar::
org.seleniumhq.selenium:htmlunit-driver:2.20:jar::
org.seleniumhq.selenium:selenium-server-standalone:2.53.0:jar::
net.jsourcerer.webdriver:JSErrorCollector:0.6:jar::
biz.neustar:browsermob-proxy:2.0-beta-6:jar::
net.oauth.core:oauth:20090531:jar::
xmlunit:xmlunit:1.3:jar::
com.google.http-client:google-http-client:1.19.0:jar::
com.google.http-client:google-http-client-jackson2:1.19.0:jar::
com.google.oauth-client:google-oauth-client:1.20.0:jar::
com.google.api-client:google-api-client:1.25.0:jar::
com.google.apis:google-api-services-drive:v2-rev161-1.19.1:jar::
com.dropbox.core:dropbox-core-sdk:2.1.2:jar::
com.box:box-java-sdk:1.1.0:jar::
org.nuxeo.onedrive:onedrive-java-client:1.0:jar::
org.dts:jmyspell-core:1.0.0-beta-2:jar::
org.apache.tomcat:tomcat:9.0.14:zip::
org.apache.tomcat:tomcat-catalina:9.0.14:jar::
org.apache.tomcat:tomcat-coyote:9.0.14:jar::
org.apache.tomcat:tomcat-jasper:9.0.14:jar::
org.apache.tomcat:tomcat-util:9.0.14:jar::
org.apache.tomcat:tomcat-dbcp:9.0.14:jar::
org.apache.tomcat:tomcat-juli:9.0.14:jar::
org.apache.tomcat:tomcat-jdbc:9.0.14:jar::
org.apache.tomcat:tomcat-el-api:9.0.14:jar::provided
org.opensaml:opensaml:2.6.4:jar::compile
org.opensaml:openws:1.5.4:jar::
org.owasp.esapi:esapi:2.1.0.1:jar::
com.unboundid.product.scim:scim-sdk:1.7.1:jar::
org.apache.wink:wink-client-apache-httpclient:1.3.0:jar::test
info.simplecloud:scimcore:0.1:jar::test
info.simplecloud.scimproxy:compliance:0.1:jar:classes:test
commons-validator:commons-validator:1.6:jar::
org.apache.commons:not-yet-commons-ssl:0.3.9:jar::test
org.easymock:easymockclassextension:2.2.2:jar::test
org.mockito:mockito-core:1.9.5:jar::test
org.apache.jackrabbit:jackrabbit-webdav:2.17.5:jar::test
org.concordion:concordion:1.3.0:jar::
org.antlr:antlr-runtime:3.1.3:jar::
org.objectweb.howl:howl:1.0.1-1:jar::
org.apache.ws.commons.axiom:axiom-api:1.2.20:jar::
org.apache.ws.commons.axiom:axiom-impl:1.2.20:jar::
jaxen:jaxen:1.1.6:jar::
xalan:xalan:2.7.2:jar::
com.googlecode.owasp-java-html-sanitizer:owasp-java-html-sanitizer:20190103.NX1:jar::
org.apache.xmlgraphics:batik-css:1.10:jar::
org.apache.xmlgraphics:batik-util:1.10:jar::
org.w3c.css:sac:1.3:jar::
net.sf.jtidy:jtidy:r938:jar::
net.oauth.core:oauth-consumer:20090531:jar::
net.oauth.core:oauth-provider:20090531:jar::
org.javasimon:javasimon-core:2.5.0:jar::
org.javasimon:javasimon-jmx:2.5.0:jar::
org.javasimon:javasimon-jdbc3:2.5.0:jar::
com.readytalk:metrics3-statsd:4.2.0:jar::
com.readytalk:metrics-statsd-common:4.2.0:jar::
org.ow2.asm:asm:6.2.1:jar::
com.smartgwt:smartgwt:1.0-20081121:jar::
com.ericdaugherty.mail:jes:1.6.1:jar::
dnsjava:dnsjava:2.1.8:jar::
org.glassfish.embedded:glassfish-embedded-all:3.0-b38-nxp-web-210:jar::
firebug:firebug:1.6.2-fx:xpi::
org.apache.chemistry.opencmis:chemistry-opencmis-commons-api:1.1.0:jar::
org.apache.chemistry.opencmis:chemistry-opencmis-commons-impl:1.1.0:jar::
org.apache.chemistry.opencmis:chemistry-opencmis-server-support:1.1.0:jar::
org.apache.chemistry.opencmis:chemistry-opencmis-client-api:1.1.0:jar::
org.apache.chemistry.opencmis:chemistry-opencmis-client-impl:1.1.0:jar::
org.apache.chemistry.opencmis:chemistry-opencmis-server-bindings:1.1.0:jar::
org.apache.chemistry.opencmis:chemistry-opencmis-client-bindings:1.1.0:jar::
org.samba.jcifs:jcifs:1.2.19:jar::
net.java.dev.webdav:webdav-jaxrs:1.2.1:jar::
net.htmlparser.jericho:jericho-html:3.4:jar::
com.cforcoding.jmd:jmd:0.8.1-tomasol-3e60e36137:jar::
org.knallgrau.utils:textcat:1.0.1:jar::
de.schlichtherle.io:truezip:6.6:jar::
org.apache.xbean:xbean-naming:3.18:jar::
org.outerj.daisy:daisydiff:1.2-NX2:jar:shaded:
com.amazonaws:aws-java-sdk-core:1.11.475:jar::
com.amazonaws:aws-java-sdk-s3:1.11.475:jar::
com.amazonaws:aws-java-sdk-cloudfront:1.11.475:jar::
com.amazonaws:aws-java-sdk-sts:1.11.475:jar::
org.apache.jclouds:jclouds-allblobstore:2.1.1:jar::
com.microsoft.azure:azure-storage:3.1.0:jar::
dumbster:dumbster:1.6:jar::
org.eclipse.birt.runtime:org.eclipse.birt.runtime:4.2.2-NX02:jar::
org.apache.httpcomponents:httpclient-osgi:4.5.6:jar::
org.apache.httpcomponents:httpcore-osgi:4.4.10:jar::
org.ops4j.pax.exam:pax-exam-junit4:4.4.0:jar::test
org.ops4j.pax.exam:pax-exam-link-mvn:4.4.0:jar::test
org.ops4j.pax.exam:pax-exam-container-native:4.4.0:jar::test
org.ops4j.pax.url:pax-url-aether:1.5.2:jar::test
org.apache.felix:org.apache.felix.framework:4.6.0:jar::test
javax.inject:javax.inject:1:jar::
com.thetransactioncompany:cors-filter:2.6:jar::
io.github.lukehutch:fast-classpath-scanner:2.0.4:jar::
com.sun.jdmk:core:1.0-b02:jar::
redis.clients:jedis:2.9.0:jar::
org.skyscreamer:jsonassert:1.2.3:jar::test
org.mongodb:mongo-java-driver:3.8.1:jar::
com.marklogic:marklogic-xcc:8.0.5:jar::
com.duosecurity:com-duosecurity-java-client:1.0.0:jar::
com.octo.captcha:jcaptcha:1.0:jar::
com.github.segmentio:analytics:1.0.7:jar::
ro.isdc.wro4j:wro4j-core:1.8.0:jar::
ro.isdc.wro4j:wro4j-extensions:1.8.0:jar::
com.vaadin:vaadin-sass-compiler:0.9.12-NX01:jar::
io.gatling:gatling-app:2.3.1:jar::
io.gatling:gatling-recorder:2.3.1:jar::
io.gatling:gatling-redis:2.3.1:jar::
io.gatling:gatling-http:2.3.1:jar::
io.gatling:gatling-core:2.3.1:jar::
io.gatling.highcharts:gatling-charts-highcharts:2.3.1:jar::
org.scala-lang:scala-library:2.12.3:jar::
com.typesafe.scala-logging:scala-logging_2.12:3.9.0:jar::
com.squareup.okhttp3:okhttp:3.1.1:jar::
org.jolokia:jolokia-core:1.3.3:jar::
org.glassfish:javax.json:1.1.2:jar::
org.codehaus.jettison:jettison:1.3.7:jar::
org.nuxeo.client:nuxeo-java-client:3.2.0:jar::
org.apache.pdfbox:jbig2-imageio:2.99.0-NX1:jar::
org.apache.kafka:kafka-clients:2.1.0:jar::
org.apache.kafka:kafka-clients:2.1.0:jar:test:test
org.apache.kafka:kafka_2.12:2.1.0:jar::
org.apache.kafka:kafka_2.12:2.1.0:jar:test:test
io.confluent:kafka-avro-serializer:5.0.0:jar::
io.confluent:kafka-schema-registry-client:5.0.0:jar::
net.jodah:failsafe:1.1.0:jar::
org.jgrapht:jgrapht-core:1.0.1:jar::
net.jodah:expiringmap:0.5.8:jar::
com.github.mike10004:commons-imaging:1.0a1:jar::
org.mp4parser:isoparser:1.9.27:jar::
com.auth0:java-jwt:3.4.0:jar::
com.beetstra.jutf7:jutf7:1.0.0:jar::
com.google.code.externalsortinginjava:externalsortinginjava:0.2.5:jar::
io.dropwizard.metrics:metrics-annotation:4.0.3:jar::
io.dropwizard.metrics:metrics-core:4.0.3:jar::
io.dropwizard.metrics:metrics-jvm:4.0.3:jar::
io.dropwizard.metrics:metrics-jmx:4.0.3:jar::
io.dropwizard.metrics:metrics-healthchecks:4.0.3:jar::
io.dropwizard.metrics:metrics-jetty9:4.0.3:jar::
io.dropwizard.metrics:metrics-jersey2:4.0.3:jar::
io.dropwizard.metrics:metrics-json:4.0.3:jar::
io.dropwizard.metrics:metrics-servlets:4.0.3:jar::
io.dropwizard.metrics:metrics-servlet:4.0.3:jar::
io.dropwizard.metrics:metrics-graphite:4.0.3:jar::
io.dropwizard.metrics:metrics-httpclient:4.0.3:jar::
io.dropwizard.metrics:metrics-httpasyncclient:4.0.3:jar::
io.dropwizard.metrics:metrics-jcache:4.0.3:jar::
io.dropwizard.metrics:metrics-ehcache:4.0.3:jar::
io.dropwizard.metrics:metrics-jdbi:4.0.3:jar::
io.dropwizard.metrics:metrics-jdbi3:4.0.3:jar::
io.dropwizard.metrics:metrics-logback:4.0.3:jar::
io.dropwizard.metrics:metrics-log4j2:4.0.3:jar::
org.slf4j:slf4j-api:1.7.25:jar::
net.sf.ehcache:ehcache:2.10.4:jar::
com.rabbitmq:amqp-client:4.4.1:jar::
org.apache.httpcomponents:httpasyncclient:4.1.3:jar::
javax.cache:cache-api:1.0.0:jar::
org.ehcache:ehcache:3.4.0:jar::
org.jdbi:jdbi:2.78:jar::
org.jdbi:jdbi3-core:3.0.0:jar::
org.glassfish.jersey.core:jersey-server:2.25.1:jar::
org.glassfish.jersey.test-framework.providers:jersey-test-framework-provider-inmemory:2.25.1:jar::test
org.eclipse.jetty:jetty-server:9.4.8.v20171121:jar::
org.eclipse.jetty:jetty-client:9.4.8.v20171121:jar::
org.eclipse.jetty:jetty-servlet:9.4.8.v20171121:jar::test
org.eclipse.jetty:jetty-http:9.4.8.v20171121:jar:tests:test
org.eclipse.jetty:jetty-servlet:9.4.8.v20171121:jar:tests:test
ch.qos.logback:logback-classic:1.2.3:jar::
com.papertrail:profiler:1.0.2:jar::
ch.qos.logback:logback-core:1.2.3:jar::
ch.qos.logback:logback-access:1.2.3:jar::
ch.qos.logback:logback-core:1.2.3:jar:tests:
org.codehaus.janino:janino:3.0.6:jar::
dom4j:dom4j:1.6.1:jar::
org.hsqldb:hsqldb:2.3.4:jar::
postgresql:postgresql:8.4-701.jdbc4:jar::
net.openhft.com.binance.api:binance-api-client:2.17.1:jar::
net.openhft:chronicle-core:2.17.2:jar::
net.openhft:chronicle-threads:2.17.1:jar::
net.openhft:chronicle-ticker:2.17.0:jar::
net.openhft:chronicle-bytes:2.17.8:jar::
net.openhft:chronicle-values:2.16.1:jar::
net.openhft:chronicle-wire:2.17.7:jar::
net.openhft:chronicle-network:2.17.4:jar::
net.openhft:chronicle-algorithms:1.16.0:jar::
net.openhft:chronicle-map:3.17.0:jar::
net.openhft:chronicle-queue:5.17.2:jar::
net.openhft:chronicle-queue:5.17.2:jar:tests:
net.openhft:affinity:3.1.11:jar::
net.openhft:compiler:2.3.1:jar::
net.openhft:chronicle-websocket-jetty:1.1.4:jar::
net.openhft:chronicle-logger-core:4.16.0:jar::
net.openhft:chronicle-logger-jul:4.16.0:jar::
net.openhft:chronicle-logger-jcl:4.16.0:jar::
net.openhft:chronicle-logger-slf4j:4.16.0:jar::
net.openhft:chronicle-logger-logback:4.16.0:jar::
net.openhft:chronicle-logger-log4j-1:4.16.0:jar::
net.openhft:chronicle-logger-log4j-2:4.16.0:jar::
net.openhft:chronicle-logger-tools:4.16.0:jar::
net.openhft:chronicle-logger-benchmark:4.16.0:jar::
net.openhft:chronicle-engine-gui:1.0.5:war::
