org.nuxeo.sample:nuxeo-travel-expenses:10.10:jar::
org.nuxeo.connect.tools:nuxeo-connect-tools:10.10:jar::
org.jboss.jbossas:jboss-as-aspects:5.1.0.GA:jar:jboss-aspects-jdk50-client:
caja:caja:r3889:jar::
org.apache.shindig:shindig-gadgets:1.1-BETA5-incubating-nx2:jar:tests:test
net.oauth.core:oauth-httpclient3:20090531:jar::
software.chronicle.exchange:oms:2.17.5:jar::
software.chronicle.exchange:common:2.17.5:jar::
net.openhft:chronicle-salt:2.17.1:jar::
software.chronicle:chronicle-map-enterprise:2.17.2:jar::
net.openhft:chronicle-engine:2.17.0:jar::
software.chronicle:chronicle-wire-enterprise:2.17.0:jar::
software.chronicle:chronicle-market-data-distributor:2.17.5:jar::
software.chronicle:chronicle-queue-enterprise:2.17.1:jar::
software.chronicle:chronicle-fix-42:2.17.18:jar::
software.chronicle:chronicle-fix-codegenerator:2.17.18:jar::
software.chronicle:chronicle-fix-schema-optimizer:2.17.18:jar::
software.chronicle:chronicle-fix-runtime-guarded:2.17.18:jar::
software.chronicle:chronicle-fix-itch-runtime:2.17.18:jar::
software.chronicle:chronicle-fix-itch-cboe:2.17.18:jar::
software.chronicle:chronicle-fix-runtime:2.17.18:jar::
software.chronicle:chronicle-fix-runtime:2.17.18:jar:tests:
software.chronicle:chronicle-fix-acceptance-tests:2.17.18:jar::
software.chronicle:chronicle-services-all:2.17.26:jar::
software.chronicle:chronicle-services-api:2.17.26:jar::
software.chronicle:chronicle-services-api:2.17.26:jar:tests:
software.chronicle:chronicle-ring:2.17.0:jar::
software.chronicle:chronicle-services-config:2.17.26:jar::
software.chronicle:chronicle-services-replication:2.17.26:jar::
software.chronicle:chronicle-services-runner:2.17.26:jar::
software.chronicle:chronicle-services-perftest:2.17.26:jar::
software.chronicle:chronicle-services-perftest:2.17.26:jar:tests:
net.openhft:lang:6.8.18:jar::
net.openhft:chronicle:3.6.6:jar::
net.openhft:chronicle-engine-nfs:1.8.0:jar::
software.chronicle:chronicle-engine-enterprise:2.17.0:jar::
