org.nuxeo.ecm.web:nuxeo-web-embedded-servlet:5.9.4:jar::
org.nuxeo.ecm.platform:nuxeo-core-filesystem:5.9.4:jar::
org.nuxeo.ecm.platform:nuxeo-platform-sync-common:5.9.4:jar::
org.nuxeo.ecm.platform:nuxeo-platform-sync-client-api:5.9.4:jar::
org.nuxeo.ecm.platform:nuxeo-platform-sync-client-core:5.9.4:jar::
org.nuxeo.ecm.platform:nuxeo-platform-semantic-entities-api:5.9.4:jar::
org.nuxeo.ecm.platform:nuxeo-platform-semantic-entities-core:5.9.4:jar::
org.nuxeo.cm:nuxeo-case-management-api:5.9.4:jar::
org.nuxeo.cm:nuxeo-case-management-core:5.9.4:jar::
org.nuxeo.cm:nuxeo-case-management-facade:5.9.4:jar::
org.nuxeo.cm:nuxeo-case-management-web:5.9.4:jar::
org.nuxeo.cm:nuxeo-case-management-lang:5.9.4:jar::
org.nuxeo.cm:nuxeo-case-management-test:5.9.4:jar::test
org.nuxeo.correspondence:nuxeo-correspondence-api:5.9.4:jar::
org.nuxeo.correspondence:nuxeo-correspondence-core:5.9.4:jar::
org.nuxeo.correspondence:nuxeo-correspondence-web:5.9.4:jar::
org.nuxeo.ecm.mobile:nuxeo-web-mobile:5.9.4:jar::
org.nuxeo.ecm.platform:nuxeo-platform-intuition:5.9.4:jar::
org.nuxeo.ecm.platform:nuxeo-platform-jbpm-api:5.9.4:jar::
org.nuxeo.ecm.platform:nuxeo-platform-jbpm-automation:5.9.4:jar::
org.nuxeo.ecm.platform:nuxeo-platform-jbpm-core:5.9.4:jar::
org.nuxeo.ecm.platform:nuxeo-platform-jbpm-test:5.9.4:jar::test
org.nuxeo.ecm.platform:nuxeo-platform-jbpm-web:5.9.4:jar::
org.nuxeo.ecm.platform:nuxeo-platform-jbpm-task-migration:5.9.4:jar::
org.nuxeo.ecm.platform:nuxeo-platform-jbpm-gadgets:5.9.4:jar::
org.nuxeo.io:nuxeo-fsexporter:5.9.4:jar::
org.nuxeo.ecm.platform:nuxeo-connect-offline-update:5.9.4:jar::
org.nuxeo.ecm.automation:nuxeo-automation-restserver:5.9.4:jar::
org.nuxeo.ecm.platform:nuxeo-platform-imaging-transform:5.9.4:jar::
org.nuxeo.ecm.platform:nuxeo-platform-wiki-jsf:5.9.4:jar::
org.nuxeo.ecm.platform:nuxeo-platform-wiki-webengine:5.9.4:jar::
javax.servlet:servlet-api:3.0.1:jar::provided
jboss:jgroups:4.2.2.GA:jar::
org.jboss.jbossas:jboss-as-aspects:5.1.0.GA:jar:jboss-aspects-jdk50-client:
com.google.gwt:gwt-gadgets:1.2.0:jar::compile
org.apache.tomcat:tomcat:7.0.42:jar::
org.apache.tomcat:tomcat:7.0.42:jar:light:
org.apache.shindig:shindig-gadgets:1.1-BETA5-incubating-nx1:jar:tests:test
