nuxeo-opencmis-tests-5.9.4.jar=org.nuxeo.ecm.core:nuxeo-opencmis-tests:5.9.4:jar::test
nuxeo-case-management-test-5.9.4.jar=org.nuxeo.cm:nuxeo-case-management-test:5.9.4:jar::test
nuxeo-platform-jbpm-test-5.9.4.jar=org.nuxeo.ecm.platform:nuxeo-platform-jbpm-test:5.9.4:jar::test
nuxeo-connect-standalone-5.9.4-tests.jar=org.nuxeo.runtime:nuxeo-connect-standalone:5.9.4:jar:tests:test
nuxeo-runtime-test-5.9.4.jar=org.nuxeo.runtime:nuxeo-runtime-test:5.9.4:jar::test
nuxeo-core-management-test-5.9.4.jar=org.nuxeo.ecm.core:nuxeo-core-management-test:5.9.4:jar::test
nuxeo-core-storage-sql-test-5.9.4.jar=org.nuxeo.ecm.core:nuxeo-core-storage-sql-test:5.9.4:jar::test
nuxeo-core-test-5.9.4.jar=org.nuxeo.ecm.core:nuxeo-core-test:5.9.4:jar::test
nuxeo-platform-api-test-5.9.4.jar=org.nuxeo.ecm.platform:nuxeo-platform-api-test:5.9.4:jar::test
nuxeo-platform-test-5.9.4.jar=org.nuxeo.ecm.platform:nuxeo-platform-test:5.9.4:jar::test
nuxeo-platform-ui-web-test-5.9.4.jar=org.nuxeo.ecm.platform:nuxeo-platform-ui-web-test:5.9.4:jar::test
nuxeo-automation-test-5.9.4.jar=org.nuxeo.ecm.automation:nuxeo-automation-test:5.9.4:jar::test
nuxeo-features-test-5.9.4.jar=org.nuxeo.ecm.platform:nuxeo-features-test:5.9.4:jar::test
nuxeo-platform-audit-core-5.9.4-tests.jar=org.nuxeo.ecm.platform:nuxeo-platform-audit-core:5.9.4:jar:tests:test
nuxeo-platform-mail-test-5.9.4.jar=org.nuxeo.ecm.platform:nuxeo-platform-mail-test:5.9.4:jar::test
hamcrest-all-1.1.jar=org.hamcrest:hamcrest-all:1.1:jar::test
shindig-gadgets-1.1-BETA5-incubating-nx1-tests.jar=org.apache.shindig:shindig-gadgets:1.1-BETA5-incubating-nx1:jar:tests:test
easymockclassextension-2.2.2.jar=org.easymock:easymockclassextension:2.2.2:jar::test
mockito-all-1.9.5.jar=org.mockito:mockito-all:1.9.5:jar::test
grizzly-servlet-webserver-1.9.18-f.jar=com.sun.grizzly:grizzly-servlet-webserver:1.9.18-f:jar::test
jackrabbit-webdav-2.1.1.jar=org.apache.jackrabbit:jackrabbit-webdav:2.1.1:jar::test
pax-exam-junit4-3.0.0.jar=org.ops4j.pax.exam:pax-exam-junit4:3.0.0:jar::test
pax-exam-link-mvn-3.0.0.jar=org.ops4j.pax.exam:pax-exam-link-mvn:3.0.0:jar::test
pax-exam-container-native-3.0.0.jar=org.ops4j.pax.exam:pax-exam-container-native:3.0.0:jar::test
pax-url-aether-1.5.2.jar=org.ops4j.pax.url:pax-url-aether:1.5.2:jar::test
org.apache.felix.framework-3.2.2.jar=org.apache.felix:org.apache.felix.framework:3.2.2:jar::test
