nuxeo-distribution-tools-1.16-SNAPSHOT.jar=org.nuxeo.build:nuxeo-distribution-tools:1.16-SNAPSHOT:jar::compile
maven-project-2.2.1.jar=org.apache.maven:maven-project:2.2.1:jar::compile
maven-settings-2.2.1.jar=org.apache.maven:maven-settings:2.2.1:jar::compile
maven-model-2.2.1.jar=org.apache.maven:maven-model:2.2.1:jar::compile
plexus-utils-1.5.15.jar=org.codehaus.plexus:plexus-utils:1.5.15:jar::compile
plexus-interpolation-1.11.jar=org.codehaus.plexus:plexus-interpolation:1.11:jar::compile
plexus-container-default-1.0-alpha-9-stable-1.jar=org.codehaus.plexus:plexus-container-default:1.0-alpha-9-stable-1:jar::compile
junit-3.8.1.jar=junit:junit:3.8.1:jar::compile
classworlds-1.1-alpha-2.jar=classworlds:classworlds:1.1-alpha-2:jar::compile
maven-profile-2.2.1.jar=org.apache.maven:maven-profile:2.2.1:jar::compile
maven-artifact-manager-2.2.1.jar=org.apache.maven:maven-artifact-manager:2.2.1:jar::compile
maven-repository-metadata-2.2.1.jar=org.apache.maven:maven-repository-metadata:2.2.1:jar::compile
maven-artifact-2.2.1.jar=org.apache.maven:maven-artifact:2.2.1:jar::compile
wagon-provider-api-1.0-beta-6.jar=org.apache.maven.wagon:wagon-provider-api:1.0-beta-6:jar::compile
backport-util-concurrent-3.1.jar=backport-util-concurrent:backport-util-concurrent:3.1:jar::compile
maven-plugin-registry-2.2.1.jar=org.apache.maven:maven-plugin-registry:2.2.1:jar::compile
freemarker-2.3.16.jar=org.freemarker:freemarker:2.3.16:jar::compile
maven-core-2.2.1.jar=org.apache.maven:maven-core:2.2.1:jar::compile
wagon-file-1.0-beta-6.jar=org.apache.maven.wagon:wagon-file:1.0-beta-6:jar::runtime
maven-plugin-parameter-documenter-2.2.1.jar=org.apache.maven:maven-plugin-parameter-documenter:2.2.1:jar::compile
wagon-http-lightweight-1.0-beta-6.jar=org.apache.maven.wagon:wagon-http-lightweight:1.0-beta-6:jar::compile
wagon-http-shared-1.0-beta-6.jar=org.apache.maven.wagon:wagon-http-shared:1.0-beta-6:jar::compile
xercesMinimal-1.9.6.2.jar=nekohtml:xercesMinimal:1.9.6.2:jar::compile
nekohtml-1.9.6.2.jar=nekohtml:nekohtml:1.9.6.2:jar::compile
wagon-http-1.0-beta-6.jar=org.apache.maven.wagon:wagon-http:1.0-beta-6:jar::compile
wagon-webdav-jackrabbit-1.0-beta-6.jar=org.apache.maven.wagon:wagon-webdav-jackrabbit:1.0-beta-6:jar::runtime
jackrabbit-webdav-1.5.0.jar=org.apache.jackrabbit:jackrabbit-webdav:1.5.0:jar::runtime
jackrabbit-jcr-commons-1.5.0.jar=org.apache.jackrabbit:jackrabbit-jcr-commons:1.5.0:jar::runtime
slf4j-api-1.5.3.jar=org.slf4j:slf4j-api:1.5.3:jar::runtime
commons-httpclient-3.0.jar=commons-httpclient:commons-httpclient:3.0:jar::runtime
commons-codec-1.2.jar=commons-codec:commons-codec:1.2:jar::runtime
maven-reporting-api-2.2.1.jar=org.apache.maven.reporting:maven-reporting-api:2.2.1:jar::compile
doxia-sink-api-1.1.jar=org.apache.maven.doxia:doxia-sink-api:1.1:jar::compile
doxia-logging-api-1.1.jar=org.apache.maven.doxia:doxia-logging-api:1.1:jar::compile
maven-error-diagnostics-2.2.1.jar=org.apache.maven:maven-error-diagnostics:2.2.1:jar::compile
commons-cli-1.2.jar=commons-cli:commons-cli:1.2:jar::compile
maven-plugin-api-2.2.1.jar=org.apache.maven:maven-plugin-api:2.2.1:jar::compile
wagon-ssh-external-1.0-beta-6.jar=org.apache.maven.wagon:wagon-ssh-external:1.0-beta-6:jar::runtime
wagon-ssh-common-1.0-beta-6.jar=org.apache.maven.wagon:wagon-ssh-common:1.0-beta-6:jar::runtime
plexus-interactivity-api-1.0-alpha-6.jar=org.codehaus.plexus:plexus-interactivity-api:1.0-alpha-6:jar::runtime
maven-plugin-descriptor-2.2.1.jar=org.apache.maven:maven-plugin-descriptor:2.2.1:jar::compile
plexus-interactivity-api-1.0-alpha-4.jar=org.codehaus.plexus:plexus-interactivity-api:1.0-alpha-4:jar::compile
maven-monitor-2.2.1.jar=org.apache.maven:maven-monitor:2.2.1:jar::compile
wagon-ssh-1.0-beta-6.jar=org.apache.maven.wagon:wagon-ssh:1.0-beta-6:jar::compile
jsch-0.1.38.jar=com.jcraft:jsch:0.1.38:jar::compile
wagon-ssh-common-1.0-beta-6.jar=org.apache.maven.wagon:wagon-ssh-common:1.0-beta-6:jar::compile
classworlds-1.1.jar=classworlds:classworlds:1.1:jar::compile
plexus-sec-dispatcher-1.3.jar=org.sonatype.plexus:plexus-sec-dispatcher:1.3:jar::compile
plexus-cipher-1.4.jar=org.sonatype.plexus:plexus-cipher:1.4:jar::compile
slf4j-api-1.6.0.jar=org.slf4j:slf4j-api:1.6.0:jar::compile
maven-embedder-2.0.4.jar=org.apache.maven:maven-embedder:2.0.4:jar::compile
ant-1.8.2.jar=org.apache.ant:ant:1.8.2:jar::compile
ant-launcher-1.8.2.jar=org.apache.ant:ant-launcher:1.8.2:jar::compile
ant-contrib-1.0b3.jar=ant-contrib:ant-contrib:1.0b3:jar::compile
surefire-booter-2.8.1.jar=org.apache.maven.surefire:surefire-booter:2.8.1:jar::compile
surefire-api-2.8.1.jar=org.apache.maven.surefire:surefire-api:2.8.1:jar::compile
maven-failsafe-plugin-2.8.1.jar=org.apache.maven.plugins:maven-failsafe-plugin:2.8.1:jar::compile
maven-surefire-common-2.8.1.jar=org.apache.maven.surefire:maven-surefire-common:2.8.1:jar::compile
maven-toolchain-2.0.9.jar=org.apache.maven:maven-toolchain:2.0.9:jar::compile
maven-common-artifact-filters-1.3.jar=org.apache.maven.shared:maven-common-artifact-filters:1.3:jar::compile
plexus-utils-2.1.jar=org.codehaus.plexus:plexus-utils:2.1:jar::compile
commons-io-1.4.jar=commons-io:commons-io:1.4:jar::compile
commons-codec-1.4.jar=commons-codec:commons-codec:1.4:jar::compile
nuxeo-connect-client-1.4.7.jar=org.nuxeo.connect:nuxeo-connect-client:1.4.7:jar::compile
