org.nuxeo.build:test2:pom:1.16-SNAPSHOT
 |-- org.nuxeo.connect:nuxeo-connect-client:jar:1.4.13:compile
 |--  |-- commons-httpclient:commons-httpclient:jar:3.1:compile
 |--  |--  |-- commons-logging:commons-logging:jar:1.0.4:compile
 |--  |--  |-- commons-codec:commons-codec:jar:1.2:compile
 |--  |-- commons-collections:commons-collections:jar:3.2:compile
 |--  |-- commons-io:commons-io:jar:1.4:compile
 |--  |-- org.json:json:jar:20070829:compile
 |--  |-- org.eclipse.equinox:org.eclipse.equinox.p2.cudf:jar:1.17-NX:compile
 |--  |--  |-- org.sat4j:org.sat4j.pb:jar:2.3.1:compile
 |--  |--  |-- org.sat4j:org.sat4j.core:jar:2.3.1:compile
 |--  |--  |-- org.eclipse.core:org.eclipse.core.jobs:jar:3.5.0.v20100515:compile
 |--  |--  |-- org.eclipse.equinox:org.eclipse.equinox.common:jar:3.6.0.v20100503:compile
 |--  |--  |-- org.osgi:org.osgi.core:jar:4.2.0:compile
 |--  |--  |-- commons-logging:commons-logging:jar:1.0.4:compile
 |--  |--  |-- log4j:log4j:jar:1.2.16:compile
 |-- org.apache.maven:maven-project:jar:2.2.1:compile
 |--  |-- org.apache.maven:maven-settings:jar:2.2.1:compile
 |--  |--  |-- org.apache.maven:maven-model:jar:2.2.1:compile
 |--  |--  |--  |-- org.codehaus.plexus:plexus-utils:jar:1.5.15:compile
 |--  |--  |-- org.codehaus.plexus:plexus-interpolation:jar:1.11:compile
 |--  |--  |-- org.codehaus.plexus:plexus-utils:jar:1.5.15:compile
 |--  |--  |-- org.codehaus.plexus:plexus-container-default:jar:1.0-alpha-9-stable-1:compile
 |--  |--  |--  |-- junit:junit:jar:3.8.1:compile
 |--  |--  |--  |-- org.codehaus.plexus:plexus-utils:jar:1.5.15:compile
 |--  |--  |--  |-- classworlds:classworlds:jar:1.1-alpha-2:compile
 |--  |-- org.apache.maven:maven-profile:jar:2.2.1:compile
 |--  |--  |-- org.apache.maven:maven-model:jar:2.2.1:compile
 |--  |--  |-- org.codehaus.plexus:plexus-utils:jar:1.5.15:compile
 |--  |--  |-- org.codehaus.plexus:plexus-interpolation:jar:1.11:compile
 |--  |--  |-- org.codehaus.plexus:plexus-container-default:jar:1.0-alpha-9-stable-1:compile
 |--  |-- org.apache.maven:maven-model:jar:2.2.1:compile
 |--  |--  |-- org.codehaus.plexus:plexus-utils:jar:1.5.15:compile
 |--  |-- org.apache.maven:maven-artifact-manager:jar:2.2.1:compile
 |--  |--  |-- org.apache.maven:maven-repository-metadata:jar:2.2.1:compile
 |--  |--  |--  |-- org.codehaus.plexus:plexus-utils:jar:1.5.15:compile
 |--  |--  |-- org.codehaus.plexus:plexus-utils:jar:1.5.15:compile
 |--  |--  |-- org.apache.maven:maven-artifact:jar:2.2.1:compile
 |--  |--  |--  |-- org.codehaus.plexus:plexus-utils:jar:1.5.15:compile
 |--  |--  |-- org.codehaus.plexus:plexus-container-default:jar:1.0-alpha-9-stable-1:compile
 |--  |--  |-- org.apache.maven.wagon:wagon-provider-api:jar:1.0-beta-6:compile
 |--  |--  |--  |-- org.codehaus.plexus:plexus-utils:jar:1.5.15:compile
 |--  |--  |-- backport-util-concurrent:backport-util-concurrent:jar:3.1:compile
 |--  |-- org.apache.maven:maven-plugin-registry:jar:2.2.1:compile
 |--  |--  |-- org.codehaus.plexus:plexus-utils:jar:1.5.15:compile
 |--  |--  |-- org.codehaus.plexus:plexus-container-default:jar:1.0-alpha-9-stable-1:compile
 |--  |-- org.codehaus.plexus:plexus-interpolation:jar:1.11:compile
 |--  |-- org.codehaus.plexus:plexus-utils:jar:1.5.15:compile
 |--  |-- org.apache.maven:maven-artifact:jar:2.2.1:compile
 |--  |--  |-- org.codehaus.plexus:plexus-utils:jar:1.5.15:compile
 |--  |-- org.codehaus.plexus:plexus-container-default:jar:1.0-alpha-9-stable-1:compile
 |--  |--  |-- junit:junit:jar:3.8.1:compile
 |--  |--  |-- org.codehaus.plexus:plexus-utils:jar:1.5.15:compile
 |--  |--  |-- classworlds:classworlds:jar:1.1-alpha-2:compile
 |-- junit:junit:jar:4.8.1:test
