org.nuxeo.connect:nuxeo-connect-client:1.4.13:jar::compile
 |-- commons-httpclient:commons-httpclient:3.1:jar::compile
 |--  |-- commons-logging:commons-logging:1.1:jar::compile (version managed from 1.0.4)
 |--  |--  |-- logkit:logkit:1.0.1:jar::compile
 |--  |--  |-- avalon-framework:avalon-framework:4.1.3:jar::compile
 |--  |-- commons-codec:commons-codec:1.2:jar::compile
 |-- commons-collections:commons-collections:3.2:jar::compile
 |-- commons-io:commons-io:1.4:jar::compile
 |-- org.json:json:20070829:jar::compile
 |-- org.eclipse.equinox:org.eclipse.equinox.p2.cudf:1.17-NX:jar::compile
 |--  |-- org.sat4j:org.sat4j.pb:2.3.1:jar::compile
 |--  |--  |-- org.sat4j:org.sat4j.core:2.3.1:jar::compile
 |--  |--  |-- org.sat4j:org.sat4j.core:2.3.1:jar:tests:compile
 |--  |-- org.sat4j:org.sat4j.core:2.3.1:jar::compile
 |--  |-- org.sat4j:org.sat4j.core:2.3.1:jar:tests:test
 |--  |-- org.eclipse.core:org.eclipse.core.jobs:3.5.0.v20100515:jar::compile
 |--  |--  |-- org.eclipse.equinox:org.eclipse.equinox.common:3.6.0.v20100503:jar::compile
 |--  |-- org.eclipse.equinox:org.eclipse.equinox.common:3.6.0.v20100503:jar::compile
 |--  |-- org.osgi:org.osgi.core:4.2.0:jar::compile
 |--  |-- log4j:log4j:1.2.16:jar::compile
 |--  |--  |-- oro:oro:2.0.8:jar::test
 |--  |-- ant:ant:1.6.4:jar::test
 |--  |-- commons-logging:commons-logging:1.1:jar::compile
 |-- junit:junit:4.8.1:jar::test
junit:junit:4.8.1:jar::test
